
Memory Configuration

Name             Origin             Length             Attributes
FLASH            0x0000000080000000 0x0000000000100000 xr
SRAM             0x0000000020000000 0x0000000000020000 xrw
*default*        0x0000000000000000 0xffffffffffffffff

Linker script and memory map

LOAD main.o
LOAD led.o
LOAD startup.o

.text           0x0000000080000000      0x76d
 *(.isr_vector)
 .isr_vector    0x0000000080000000      0x188 startup.o
                0x0000000080000000                vectors
 *(.text)
 .text          0x0000000080000188      0x4cc main.o
                0x0000000080000188                main
                0x00000000800001b4                idle_task
                0x00000000800001ba                task1_handler
                0x00000000800001dc                task2_handler
                0x00000000800001fe                task3_handler
                0x000000008000021c                task4_handler
                0x000000008000023a                init_systick_timer
                0x00000000800002a4                init_scheduler_stack
                0x00000000800002ae                init_tasks_stack
                0x00000000800003c8                enable_processor_faults
                0x0000000080000404                get_psp_value
                0x0000000080000424                save_psp_value
                0x000000008000044c                update_next_task
                0x00000000800004d4                switch_sp_to_psp
                0x00000000800004ee                schedule
                0x0000000080000514                task_delay
                0x0000000080000574                PendSV_Handler
                0x000000008000059a                update_global_tick_count
                0x00000000800005b4                unblock_tasks
                0x0000000080000614                SysTick_Handler
                0x0000000080000640                HardFault_Handler
                0x0000000080000646                MemManage_Handler
                0x000000008000064c                BusFault_Handler
 .text          0x0000000080000654       0xfc led.o
                0x0000000080000654                delay
                0x000000008000067c                led_init_all
                0x00000000800006f0                led_on
                0x0000000080000720                led_off
 .text          0x0000000080000750       0x12 startup.o
                0x0000000080000750                DMA1_Stream3_IRQHandler
                0x0000000080000750                HASH_RNG_IRQHandler
                0x0000000080000750                EXTI2_IRQHandler
                0x0000000080000750                TIM8_CC_IRQHandler
                0x0000000080000750                DebugMon_Handler
                0x0000000080000750                TIM1_CC_IRQHandler
                0x0000000080000750                DMA2_Stream5_IRQHandler
                0x0000000080000750                DMA1_Stream5_IRQHandler
                0x0000000080000750                PVD_IRQHandler
                0x0000000080000750                SDIO_IRQHandler
                0x0000000080000750                TAMP_STAMP_IRQHandler
                0x0000000080000750                NMI_Handler
                0x0000000080000750                CAN2_RX1_IRQHandler
                0x0000000080000750                EXTI3_IRQHandler
                0x0000000080000750                TIM8_TRG_COM_TIM14_IRQHandler
                0x0000000080000750                TIM1_UP_TIM10_IRQHandler
                0x0000000080000750                TIM8_UP_TIM13_IRQHandler
                0x0000000080000750                I2C3_ER_IRQHandler
                0x0000000080000750                EXTI0_IRQHandler
                0x0000000080000750                I2C2_EV_IRQHandler
                0x0000000080000750                DMA1_Stream2_IRQHandler
                0x0000000080000750                CAN1_RX0_IRQHandler
                0x0000000080000750                FPU_IRQHandler
                0x0000000080000750                OTG_HS_WKUP_IRQHandler
                0x0000000080000750                UsageFault_Handler
                0x0000000080000750                CAN2_SCE_IRQHandler
                0x0000000080000750                DMA2_Stream2_IRQHandler
                0x0000000080000750                SPI1_IRQHandler
                0x0000000080000750                TIM6_DAC_IRQHandler
                0x0000000080000750                TIM1_BRK_TIM9_IRQHandler
                0x0000000080000750                DCMI_IRQHandler
                0x0000000080000750                CAN2_RX0_IRQHandler
                0x0000000080000750                DMA2_Stream3_IRQHandler
                0x0000000080000750                USART6_IRQHandler
                0x0000000080000750                USART3_IRQHandler
                0x0000000080000750                CRYP_IRQHandler
                0x0000000080000750                RTC_Alarm_IRQHandler
                0x0000000080000750                CAN1_RX1_IRQHandler
                0x0000000080000750                UART5_IRQHandler
                0x0000000080000750                DMA2_Stream0_IRQHandler
                0x0000000080000750                TIM4_IRQHandler
                0x0000000080000750                I2C1_EV_IRQHandler
                0x0000000080000750                DMA1_Stream6_IRQHandler
                0x0000000080000750                DMA1_Stream1_IRQHandler
                0x0000000080000750                UART4_IRQHandler
                0x0000000080000750                TIM3_IRQHandler
                0x0000000080000750                RCC_IRQHandler
                0x0000000080000750                TIM8_BRK_TIM12_IRQHandler
                0x0000000080000750                Default_Handler
                0x0000000080000750                EXTI15_10_IRQHandler
                0x0000000080000750                ADC_IRQHandler
                0x0000000080000750                DMA1_Stream7_IRQHandler
                0x0000000080000750                TIM7_IRQHandler
                0x0000000080000750                CAN2_TX_IRQHandler
                0x0000000080000750                TIM5_IRQHandler
                0x0000000080000750                DMA2_Stream7_IRQHandler
                0x0000000080000750                I2C3_EV_IRQHandler
                0x0000000080000750                EXTI9_5_IRQHandler
                0x0000000080000750                RTC_WKUP_IRQHandler
                0x0000000080000750                ETH_WKUP_IRQHandler
                0x0000000080000750                SPI2_IRQHandler
                0x0000000080000750                OTG_HS_EP1_IN_IRQHandler
                0x0000000080000750                DMA1_Stream0_IRQHandler
                0x0000000080000750                CAN1_TX_IRQHandler
                0x0000000080000750                SVC_Handler
                0x0000000080000750                EXTI4_IRQHandler
                0x0000000080000750                FSMC_IRQHandler
                0x0000000080000750                ETH_IRQHandler
                0x0000000080000750                OTG_HS_EP1_OUT_IRQHandler
                0x0000000080000750                WWDG_IRQHandler
                0x0000000080000750                TIM2_IRQHandler
                0x0000000080000750                OTG_FS_WKUP_IRQHandler
                0x0000000080000750                TIM1_TRG_COM_TIM11_IRQHandler
                0x0000000080000750                OTG_HS_IRQHandler
                0x0000000080000750                EXTI1_IRQHandler
                0x0000000080000750                USART2_IRQHandler
                0x0000000080000750                I2C2_ER_IRQHandler
                0x0000000080000750                DMA2_Stream1_IRQHandler
                0x0000000080000750                CAN1_SCE_IRQHandler
                0x0000000080000750                DMA2_Stream4_IRQHandler
                0x0000000080000750                USART1_IRQHandler
                0x0000000080000750                OTG_FS_IRQHandler
                0x0000000080000750                SPI3_IRQHandler
                0x0000000080000750                DMA1_Stream4_IRQHandler
                0x0000000080000750                I2C1_ER_IRQHandler
                0x0000000080000750                DMA2_Stream6_IRQHandler
                0x0000000080000756                Reset_Handler
 *(.rodata)
 *fill*         0x0000000080000762        0x2 
 .rodata        0x0000000080000764        0x9 main.o
                0x0000000080000764                const_v_1
                0x0000000080000768                const_v_2
                0x000000008000076c                const_V_3
                0x000000008000076d                _etext = .

.glue_7         0x0000000080000770        0x0
 .glue_7        0x0000000080000770        0x0 linker stubs

.glue_7t        0x0000000080000770        0x0
 .glue_7t       0x0000000080000770        0x0 linker stubs

.vfp11_veneer   0x0000000080000770        0x0
 .vfp11_veneer  0x0000000080000770        0x0 linker stubs

.v4_bx          0x0000000080000770        0x0
 .v4_bx         0x0000000080000770        0x0 linker stubs

.iplt           0x0000000080000770        0x0
 .iplt          0x0000000080000770        0x0 main.o

.rel.dyn        0x0000000080000770        0x0
 .rel.iplt      0x0000000080000770        0x0 main.o

.data           0x0000000020000000        0x1 load address 0x000000008000076d
                0x0000000020000000                _sdata = .
 *(.data)
 .data          0x0000000020000000        0x1 main.o
                0x0000000020000000                current_task
 .data          0x0000000020000001        0x0 led.o
 .data          0x0000000020000001        0x0 startup.o
                0x0000000020000001                _edata = .

.igot.plt       0x0000000020000004        0x0 load address 0x000000008000076e
 .igot.plt      0x0000000020000004        0x0 main.o

.bss            0x0000000020000004       0x54 load address 0x000000008000076e
                0x0000000020000004                _sbss = .
 *(.bss)
 .bss           0x0000000020000004       0x54 main.o
                0x0000000020000004                g_tick_count
                0x0000000020000008                user_tasks
 .bss           0x0000000020000058        0x0 led.o
 .bss           0x0000000020000058        0x0 startup.o
                0x0000000020000058                _ebss = .
OUTPUT(blinky.elf elf32-littlearm)
LOAD linker stubs

.comment        0x0000000000000000       0x49
 .comment       0x0000000000000000       0x49 main.o
                                         0x4a (size before relaxing)
 .comment       0x0000000000000049       0x4a led.o
 .comment       0x0000000000000049       0x4a startup.o

.ARM.attributes
                0x0000000000000000       0x2e
 .ARM.attributes
                0x0000000000000000       0x2e main.o
 .ARM.attributes
                0x000000000000002e       0x2e led.o
 .ARM.attributes
                0x000000000000005c       0x2e startup.o
